=== 多风格选股评分对比评估 (V2: auto_calibrate + min_icir) ===
快照根: D:/github_public_repo/量化回测/server/data/research-snapshots
日期范围: 2021-07-25 ~ 2026-07-24
分层数: 5, 最小样本: 30
min_icir: 2.0 (剔除 |rank_ic_ir| < 2.0 的弱因子)
风格数: 5 (contrarian, value, growth, trend, short_term)

现有因子: 27 个, 风格专属: 8 个, 合计: 35 个

当前快照: eb260586-a8d0-4c24-9171-218b1222341c-20260724103316
加载 3,753,069 条 K 线, 3,337 只股票

构造现有 27 个因子面板...
完成, 有效面板: 27/27
构造 8 个新增风格专属因子面板...
完成, 有效面板: 8/8
合并后面板数: 35

评估风格: 逆向抄底 (contrarian)
  因子数: 26, 持有期: 5d, auto_calibrate: False
  多空价差: 0.4253%, 单调性: 0.8387
  保留: 23, 剔除: 3, 方向反转: 0

评估风格: 价值投资 (value)
  因子数: 8, 持有期: 20d, auto_calibrate: True
  多空价差: 2.5762%, 单调性: 0.9926
  保留: 8, 剔除: 0, 方向反转: 2

评估风格: 成长型 (growth)
  因子数: 10, 持有期: 20d, auto_calibrate: True
  多空价差: 1.6401%, 单调性: 0.8862
  保留: 10, 剔除: 0, 方向反转: 10

评估风格: 趋势型 (trend)
  因子数: 10, 持有期: 20d, auto_calibrate: True
  多空价差: 1.3202%, 单调性: 0.7854
  保留: 9, 剔除: 1, 方向反转: 10

评估风格: 短线打板 (short_term)
  因子数: 10, 持有期: 1d, auto_calibrate: True
  多空价差: -0.0320%, 单调性: -0.9913
  保留: 5, 剔除: 5, 方向反转: 10

报告已保存: d:\github_public_repo\量化回测\tmp_output\STYLE_COMPARISON_REPORT_V2.md
详细数据已保存: d:\github_public_repo\量化回测\tmp_output\STYLE_COMPARISON_REPORT_V2_data.json
