=== P1: 多周期 + 分年度 + 相关性分析 ===
快照根: D:/github_public_repo/量化回测/server/data/research-snapshots
日期范围: 2021-07-25 ~ 2026-07-24
min_icir: 2.0
corr_threshold: 0.7
skip_by_year: False

现有因子: 27, 风格专属: 8, 合计: 35
当前快照: eb260586-a8d0-4c24-9171-218b1222341c-20260724103316
加载 3,753,069 条 K 线, 3,337 只股票

构造现有 27 个因子面板...
完成, 有效面板: 27/27
构造 8 个新增风格专属因子面板...
完成, 有效面板: 8/8
合并后面板数: 35


=== 多周期评估 ===

风格: 逆向抄底 (contrarian)
  测试 horizon: [3, 5, 10, 20]
  h=3d: spread=0.1510%, mono=0.6741, 保留=19
  h=5d: spread=0.4253%, mono=0.8387, 保留=23
  h=10d: spread=0.9234%, mono=0.8822, 保留=23
  h=20d: spread=1.7689%, mono=0.9427, 保留=24

风格: 价值投资 (value)
  测试 horizon: [5, 10, 20, 40, 60]
  h=5d: spread=0.7061%, mono=0.9804, 保留=7
  h=10d: spread=1.4876%, mono=0.9881, 保留=7
  h=20d: spread=2.5762%, mono=0.9926, 保留=8
  h=40d: spread=4.6648%, mono=0.9933, 保留=8
  h=60d: spread=6.4442%, mono=0.9931, 保留=8

风格: 成长型 (growth)
  测试 horizon: [5, 10, 20, 40, 60]
  h=5d: spread=0.4190%, mono=0.7642, 保留=10
  h=10d: spread=0.8888%, mono=0.8105, 保留=10
  h=20d: spread=1.6401%, mono=0.8862, 保留=10
  h=40d: spread=2.8450%, mono=0.9188, 保留=10
  h=60d: spread=3.6479%, mono=0.9006, 保留=10

风格: 趋势型 (trend)
  测试 horizon: [5, 10, 20, 40, 60]
  h=5d: spread=0.3433%, mono=0.5980, 保留=9
  h=10d: spread=0.7088%, mono=0.6600, 保留=9
  h=20d: spread=1.3202%, mono=0.7854, 保留=9
  h=40d: spread=2.1367%, mono=0.7997, 保留=9
  h=60d: spread=2.4335%, mono=0.7028, 保留=9

风格: 短线打板 (short_term)
  测试 horizon: [1, 3, 5, 10]
  h=1d: spread=-0.0320%, mono=-0.9913, 保留=5
  h=3d: spread=0.1648%, mono=0.6700, 保留=8
  h=5d: spread=0.3821%, mono=0.7331, 保留=8
  h=10d: spread=0.7818%, mono=0.7814, 保留=9

=== 分年度评估 ===
数据覆盖年份: [2021, 2022, 2023, 2024, 2025, 2026]

风格: 逆向抄底 (contrarian), horizon=5d
  2021: spread=0.8700%, mono=0.9276, K线=316,771
  2022: spread=0.7141%, mono=0.7684, K线=739,561
  2023: spread=0.4528%, mono=0.9593, K线=752,497
  2024: spread=0.6129%, mono=0.8371, K线=751,007
  2025: spread=0.4603%, mono=0.8820, K线=768,142
  2026: spread=0.4439%, mono=0.9174, K线=425,091

风格: 价值投资 (value), horizon=20d
  2021: spread=4.5160%, mono=0.9879, K线=316,771
  2022: spread=4.2536%, mono=0.9950, K线=739,561
  2023: spread=3.0852%, mono=0.9977, K线=752,497
  2024: spread=1.3711%, mono=0.8806, K线=751,007
  2025: spread=2.9710%, mono=0.9858, K线=768,142
  2026: spread=1.1484%, mono=0.9400, K线=425,091

风格: 成长型 (growth), horizon=20d
  2021: spread=2.9396%, mono=0.8980, K线=316,771
  2022: spread=3.0974%, mono=0.8964, K线=739,561
  2023: spread=1.3482%, mono=0.7869, K线=752,497
  2024: spread=2.3609%, mono=0.9392, K线=751,007
  2025: spread=1.4968%, mono=0.9338, K线=768,142
  2026: spread=-1.5802%, mono=-0.8731, K线=425,091

风格: 趋势型 (trend), horizon=20d
  2021: spread=3.0874%, mono=0.8620, K线=316,771
  2022: spread=2.2276%, mono=0.8146, K线=739,561
  2023: spread=1.0147%, mono=0.8477, K线=752,497
  2024: spread=2.3639%, mono=0.9282, K线=751,007
  2025: spread=1.2194%, mono=0.8386, K线=768,142
  2026: spread=-0.6837%, mono=-0.3357, K线=425,091

风格: 短线打板 (short_term), horizon=1d
  2021: spread=0.1525%, mono=0.8318, K线=316,771
  2022: spread=0.0834%, mono=0.9155, K线=739,561
  2023: spread=-0.0135%, mono=-0.0833, K线=752,497
  2024: spread=-0.0545%, mono=-0.6104, K线=751,007
  2025: spread=0.0587%, mono=0.9318, K线=768,142
  2026: spread=0.2961%, mono=0.9782, K线=425,091

=== 因子相关性分析 ===
高相关阈值: |corr| >= 0.7
参与因子数: 35
公共日期数: 1211, 公共股票数: 3337
高相关因子对 (|corr| >= 0.7): 18 对
  short_ma_slope ↔ return_10d: 0.9882
  distance_to_20d_high ↔ turtle_breakout_20: 0.9818
  log_market_cap ↔ log_float_market_cap: 0.9482
  ma60_slope_5d ↔ momentum_60d: 0.9428
  price_above_ma20 ↔ return_10d: 0.9200
  price_above_ma20 ↔ short_ma_slope: 0.9172
  distance_to_20d_high ↔ drawdown_20d: -0.8659
  price_above_ma20 ↔ rsi_14: 0.8531
  drawdown_20d ↔ turtle_breakout_20: -0.8448
  price_above_ma20 ↔ return_20d: 0.8378

报告已保存: d:\github_public_repo\量化回测\tmp_output\STYLE_COMPARISON_REPORT_V3.md
详细数据已保存: d:\github_public_repo\量化回测\tmp_output\STYLE_COMPARISON_REPORT_V3_data.json
