=== P2: 加权方式 + 市值中性化 ===
快照根: D:/github_public_repo/量化回测/server/data/research-snapshots
日期范围: 2021-07-25 ~ 2026-07-24
min_icir: 2.0

现有因子: 27, 风格专属: 8, 合计: 35
当前快照: eb260586-a8d0-4c24-9171-218b1222341c-20260724103316
加载 3,753,069 条 K 线, 3,337 只股票

构造现有 27 个因子面板...
完成, 有效面板: 27/27
构造 8 个新增风格专属因子面板...
完成, 有效面板: 8/8
合并后面板数: 35


=== 加权方式对比 (ICIR vs Equal) ===

风格: 逆向抄底 (contrarian), horizon=20d
    icir: spread=1.7689%, mono=0.9427, 保留=24
   equal: spread=1.8382%, mono=0.9533, 保留=24

风格: 价值投资 (value), horizon=60d
    icir: spread=6.4442%, mono=0.9931, 保留=8
   equal: spread=5.9620%, mono=0.9959, 保留=8

风格: 成长型 (growth), horizon=60d
    icir: spread=3.6479%, mono=0.9006, 保留=10
   equal: spread=3.1465%, mono=0.8684, 保留=10

风格: 趋势型 (trend), horizon=60d
    icir: spread=2.4335%, mono=0.7028, 保留=9
   equal: spread=2.4003%, mono=0.6950, 保留=9

风格: 短线打板 (short_term), horizon=10d
    icir: spread=0.7818%, mono=0.7814, 保留=9
   equal: spread=0.6265%, mono=0.6766, 保留=9

=== 市值中性化前后对比 ===
  对 34 个因子做市值中性化(基准: log_market_cap)...
  中性化完成, 共 35 个面板

风格: 逆向抄底 (contrarian), horizon=20d
  原始: spread=1.7689%, mono=0.9427, 保留=24
  中性: spread=1.6459%, mono=0.9057, 保留=24

风格: 价值投资 (value), horizon=60d
  原始: spread=6.4442%, mono=0.9931, 保留=8
  中性: spread=6.5382%, mono=0.9923, 保留=8

风格: 成长型 (growth), horizon=60d
  原始: spread=3.6479%, mono=0.9006, 保留=10
  中性: spread=2.1681%, mono=0.6579, 保留=9

风格: 趋势型 (trend), horizon=60d
  原始: spread=2.4335%, mono=0.7028, 保留=9
  中性: spread=2.5331%, mono=0.6889, 保留=9

风格: 短线打板 (short_term), horizon=10d
  原始: spread=0.7818%, mono=0.7814, 保留=9
  中性: spread=0.5641%, mono=0.5967, 保留=9

报告已保存: d:\github_public_repo\量化回测\tmp_output\STYLE_COMPARISON_REPORT_V4.md
详细数据已保存: d:\github_public_repo\量化回测\tmp_output\STYLE_COMPARISON_REPORT_V4_data.json
